// Jest Snapshot v1, https://goo.gl/fbAQLP

exports[`Pruebas del component CounterApp Debe de hacer match con el snapshot 1`] = `
<div>
  <h1>
    Counter App
  </h1>
  <h2>
     
    10
     
  </h2>
  <button>
    +1
  </button>
  <button>
    -1
  </button>
  <button>
    Resest
  </button>
</div>
`;
