// Jest Snapshot v1, https://goo.gl/fbAQLP

exports[`Este es una prueba de factorizacion de la aplicacion Este debe de regresar un snapshot del componente 1`] = `
<div>
  <h1
    data-testid="test-title"
  >
    Hola, soy Diego
  </h1>
  <p>
    No hay subtitulo
  </p>
  <p>
    No hay subtitulo
  </p>
  <p>
    Diego Lopez
  </p>
</div>
`;
